reproducibility PASS sha=c4cc93ed3487423ce444adec7d270b837f40967c repo_payload=76af64eb5a6255ffc932a2f4393fc3e6178e0d8b3178c050ac361d8fdedbe557 image_payload=matched
MTP weight preflight PASS sha256=d286dd21cb982a0052d24ee0077ec6fc38f5a766dc6953e6c4b85c6473bfa7b3
runtime command contract PASS mode=dspark
T4 LOSSLESS PASS
open-ended/1 n=  8  tok/s 25.20 +/- 0.51  accept 2.035 +/- 0.044
open-ended/2 n=  8  tok/s 28.13 +/- 0.51  accept 2.243 +/- 0.044
open-ended/3 n=  8  tok/s 25.58 +/- 0.39  accept 2.082 +/- 0.033
open-ended/4 n=  8  tok/s 27.38 +/- 0.60  accept 2.207 +/- 0.049
open-ended   n= 32  tok/s 26.57 +/- 0.33  accept 2.142 +/- 0.026
T4 LOSSLESS PASS
server did not become healthy within 900 seconds
REJECT: e4-native-mtp-width-1 failed to become healthy; no serving claim is allowed
head log tail:
  File "/sgl-workspace/sglang/python/sglang/srt/model_executor/runner/decode_cuda_graph_runner.py", line 1019, in capture_one_shape
    self.backend.capture_one(
  File "/sgl-workspace/sglang/python/sglang/srt/model_executor/runner_backend/full_cuda_graph_backend.py", line 92, in capture_one
    forward_fn()
  File "/sgl-workspace/sglang/python/sglang/srt/model_executor/runner/decode_cuda_graph_runner.py", line 982, in run_once
    out = forward(
          ^^^^^^^^
  File "/usr/local/lib/python3.12/dist-packages/torch/utils/_contextlib.py", line 124, in decorate_context
    return func(*args, **kwargs)
           ^^^^^^^^^^^^^^^^^^^^^
  File "/sgl-workspace/sglang/python/sglang/srt/models/inkling.py", line 1169, in forward
    hidden_states = general_mm_embed_routine(
                    ^^^^^^^^^^^^^^^^^^^^^^^^^
  File "/sgl-workspace/sglang/python/sglang/srt/managers/mm_utils.py", line 1368, in general_mm_embed_routine
    hidden_states = language_model(
                    ^^^^^^^^^^^^^^^
  File "/usr/local/lib/python3.12/dist-packages/torch/nn/modules/module.py", line 1779, in _wrapped_call_impl
    return self._call_impl(*args, **kwargs)
           ^^^^^^^^^^^^^^^^^^^^^^^^^^^^^^^^
  File "/usr/local/lib/python3.12/dist-packages/torch/nn/modules/module.py", line 1790, in _call_impl
    return forward_call(*args, **kwargs)
           ^^^^^^^^^^^^^^^^^^^^^^^^^^^^^
  File "/sgl-workspace/sglang/python/sglang/srt/models/inkling.py", line 814, in forward
    hidden_states, residual = layer(
                              ^^^^^^
  File "/usr/local/lib/python3.12/dist-packages/torch/nn/modules/module.py", line 1779, in _wrapped_call_impl
    return self._call_impl(*args, **kwargs)
           ^^^^^^^^^^^^^^^^^^^^^^^^^^^^^^^^
  File "/usr/local/lib/python3.12/dist-packages/torch/nn/modules/module.py", line 1790, in _call_impl
    return forward_call(*args, **kwargs)
           ^^^^^^^^^^^^^^^^^^^^^^^^^^^^^
  File "/sgl-workspace/sglang/python/sglang/srt/models/inkling.py", line 501, in forward
    hidden_states, residual = self._attn_block(
                              ^^^^^^^^^^^^^^^^^
  File "/sgl-workspace/sglang/python/sglang/srt/models/inkling.py", line 364, in _attn_block
    hs = self.attn(
         ^^^^^^^^^^
  File "/usr/local/lib/python3.12/dist-packages/torch/nn/modules/module.py", line 1779, in _wrapped_call_impl
    return self._call_impl(*args, **kwargs)
           ^^^^^^^^^^^^^^^^^^^^^^^^^^^^^^^^
  File "/usr/local/lib/python3.12/dist-packages/torch/nn/modules/module.py", line 1790, in _call_impl
    return forward_call(*args, **kwargs)
           ^^^^^^^^^^^^^^^^^^^^^^^^^^^^^
  File "/sgl-workspace/sglang/python/sglang/srt/models/inkling_common/attn.py", line 945, in forward
    attn_output = self.attn(
                  ^^^^^^^^^^
  File "/usr/local/lib/python3.12/dist-packages/torch/nn/modules/module.py", line 1779, in _wrapped_call_impl
    return self._call_impl(*args, **kwargs)
           ^^^^^^^^^^^^^^^^^^^^^^^^^^^^^^^^
  File "/usr/local/lib/python3.12/dist-packages/torch/nn/modules/module.py", line 1790, in _call_impl
    return forward_call(*args, **kwargs)
           ^^^^^^^^^^^^^^^^^^^^^^^^^^^^^
  File "/sgl-workspace/sglang/python/sglang/srt/layers/radix_attention.py", line 272, in forward
    return get_attn_backend().forward(
           ^^^^^^^^^^^^^^^^^^^^^^^^^^^
  File "/sgl-workspace/sglang/python/sglang/srt/layers/attention/base_attn_backend.py", line 223, in forward
    return self.forward_extend(
           ^^^^^^^^^^^^^^^^^^^^
  File "/sgl-workspace/sglang/python/sglang/srt/layers/attention/triton_backend.py", line 1552, in forward_extend
    self.extend_attention_fwd_kv_quant(
  File "/usr/local/lib/python3.12/dist-packages/torch/_dynamo/eval_frame.py", line 1263, in _fn
    return fn(*args, **kwargs)
           ^^^^^^^^^^^^^^^^^^^
  File "/sgl-workspace/sglang/python/sglang/kernels/ops/attention/kv_quant_attention.py", line 1540, in extend_attention_fwd_kv_quant
    _fwd_kernel_kv_quant[grid](
  File "/usr/local/lib/python3.12/dist-packages/triton/runtime/jit.py", line 370, in <lambda>
    return lambda *args, **kwargs: self.run(grid=grid, warmup=False, *args, **kwargs)
                                   ^^^^^^^^^^^^^^^^^^^^^^^^^^^^^^^^^^^^^^^^^^^^^^^^^^
  File "/usr/local/lib/python3.12/dist-packages/triton/runtime/jit.py", line 720, in run
    kernel = self._do_compile(key, signature, device, constexprs, options, attrs, warmup)
             ^^^^^^^^^^^^^^^^^^^^^^^^^^^^^^^^^^^^^^^^^^^^^^^^^^^^^^^^^^^^^^^^^^^^^^^^^^^^
  File "/usr/local/lib/python3.12/dist-packages/triton/runtime/jit.py", line 849, in _do_compile
    kernel = self.compile(src, target=target, options=options.__dict__)
             ^^^^^^^^^^^^^^^^^^^^^^^^^^^^^^^^^^^^^^^^^^^^^^^^^^^^^^^^^^
  File "/usr/local/lib/python3.12/dist-packages/triton/compiler/compiler.py", line 304, in compile
    module = src.make_ir(target, options, codegen_fns, module_map, context)
             ^^^^^^^^^^^^^^^^^^^^^^^^^^^^^^^^^^^^^^^^^^^^^^^^^^^^^^^^^^^^^^
  File "/usr/local/lib/python3.12/dist-packages/triton/compiler/compiler.py", line 80, in make_ir
    return ast_to_ttir(self.fn, self, context=context, options=options, codegen_fns=codegen_fns,
           ^^^^^^^^^^^^^^^^^^^^^^^^^^^^^^^^^^^^^^^^^^^^^^^^^^^^^^^^^^^^^^^^^^^^^^^^^^^^^^^^^^^^^
RuntimeError: error encountered during parsing

During handling of the above exception, another exception occurred:

Traceback (most recent call last):
  File "/sgl-workspace/sglang/python/sglang/srt/managers/scheduler.py", line 4746, in run_scheduler_process
    scheduler = Scheduler(
                ^^^^^^^^^^
  File "/sgl-workspace/sglang/python/sglang/srt/managers/scheduler.py", line 466, in __init__
    self.init_model_worker()
  File "/sgl-workspace/sglang/python/sglang/srt/managers/scheduler.py", line 910, in init_model_worker
    self.init_all_cuda_graphs()
  File "/sgl-workspace/sglang/python/sglang/srt/managers/scheduler.py", line 897, in init_all_cuda_graphs
    self.tp_worker.init_cuda_graphs()
  File "/sgl-workspace/sglang/python/sglang/srt/managers/tp_worker.py", line 399, in init_cuda_graphs
    self.model_runner.init_cuda_graphs(
  File "/sgl-workspace/sglang/python/sglang/srt/model_executor/model_runner.py", line 913, in init_cuda_graphs
    capture = capture_cuda_graphs(
              ^^^^^^^^^^^^^^^^^^^^
  File "/sgl-workspace/sglang/python/sglang/srt/model_executor/model_runner_components/cuda_graph_setup.py", line 106, in capture_cuda_graphs
    decode = capture_decode_graph(model_runner=model_runner)
             ^^^^^^^^^^^^^^^^^^^^^^^^^^^^^^^^^^^^^^^^^^^^^^^
  File "/sgl-workspace/sglang/python/sglang/srt/model_executor/model_runner_components/cuda_graph_setup.py", line 344, in capture_decode_graph
    runner = graph_runners[model_runner.device](model_runner)
             ^^^^^^^^^^^^^^^^^^^^^^^^^^^^^^^^^^^^^^^^^^^^^^^^
  File "/sgl-workspace/sglang/python/sglang/srt/model_executor/runner/decode_cuda_graph_runner.py", line 410, in __init__
    raise Exception(
Exception: Capture cuda graph failed: error encountered during parsing
Possible solutions:
1. set --mem-fraction-static to a smaller value (e.g., 0.8 or 0.7)
2. set --cuda-graph-max-bs-decode to a smaller value (e.g., 16)
3. disable decode CUDA graph by --cuda-graph-backend-decode=disabled. (Not recommended. Huge performance loss)
Open an issue on GitHub https://github.com/sgl-project/sglang/issues/new/choose



NCCL version 2.30.7+cuda13.3
[2026-08-02 23:31:37] Received sigquit from a child process. It usually means the child failed.
[2026-08-02 23:31:37] kill_process_tree called: parent_pid=1, include_parent=True, pid=1
[2026-08-02 23:31:37] kill_process_tree called: parent_pid=1, include_parent=False, pid=1
worker log tail:
    self.capture_one_shape(bs, forward, stream_idx, variant_label)
  File "/sgl-workspace/sglang/python/sglang/srt/model_executor/runner/decode_cuda_graph_runner.py", line 1019, in capture_one_shape
    self.backend.capture_one(
  File "/sgl-workspace/sglang/python/sglang/srt/model_executor/runner_backend/full_cuda_graph_backend.py", line 92, in capture_one
    forward_fn()
  File "/sgl-workspace/sglang/python/sglang/srt/model_executor/runner/decode_cuda_graph_runner.py", line 982, in run_once
    out = forward(
          ^^^^^^^^
  File "/usr/local/lib/python3.12/dist-packages/torch/utils/_contextlib.py", line 124, in decorate_context
    return func(*args, **kwargs)
           ^^^^^^^^^^^^^^^^^^^^^
  File "/sgl-workspace/sglang/python/sglang/srt/models/inkling.py", line 1169, in forward
    hidden_states = general_mm_embed_routine(
                    ^^^^^^^^^^^^^^^^^^^^^^^^^
  File "/sgl-workspace/sglang/python/sglang/srt/managers/mm_utils.py", line 1368, in general_mm_embed_routine
    hidden_states = language_model(
                    ^^^^^^^^^^^^^^^
  File "/usr/local/lib/python3.12/dist-packages/torch/nn/modules/module.py", line 1779, in _wrapped_call_impl
    return self._call_impl(*args, **kwargs)
           ^^^^^^^^^^^^^^^^^^^^^^^^^^^^^^^^
  File "/usr/local/lib/python3.12/dist-packages/torch/nn/modules/module.py", line 1790, in _call_impl
    return forward_call(*args, **kwargs)
           ^^^^^^^^^^^^^^^^^^^^^^^^^^^^^
  File "/sgl-workspace/sglang/python/sglang/srt/models/inkling.py", line 814, in forward
    hidden_states, residual = layer(
                              ^^^^^^
  File "/usr/local/lib/python3.12/dist-packages/torch/nn/modules/module.py", line 1779, in _wrapped_call_impl
    return self._call_impl(*args, **kwargs)
           ^^^^^^^^^^^^^^^^^^^^^^^^^^^^^^^^
  File "/usr/local/lib/python3.12/dist-packages/torch/nn/modules/module.py", line 1790, in _call_impl
    return forward_call(*args, **kwargs)
           ^^^^^^^^^^^^^^^^^^^^^^^^^^^^^
  File "/sgl-workspace/sglang/python/sglang/srt/models/inkling.py", line 501, in forward
    hidden_states, residual = self._attn_block(
                              ^^^^^^^^^^^^^^^^^
  File "/sgl-workspace/sglang/python/sglang/srt/models/inkling.py", line 364, in _attn_block
    hs = self.attn(
         ^^^^^^^^^^
  File "/usr/local/lib/python3.12/dist-packages/torch/nn/modules/module.py", line 1779, in _wrapped_call_impl
    return self._call_impl(*args, **kwargs)
           ^^^^^^^^^^^^^^^^^^^^^^^^^^^^^^^^
  File "/usr/local/lib/python3.12/dist-packages/torch/nn/modules/module.py", line 1790, in _call_impl
    return forward_call(*args, **kwargs)
           ^^^^^^^^^^^^^^^^^^^^^^^^^^^^^
  File "/sgl-workspace/sglang/python/sglang/srt/models/inkling_common/attn.py", line 945, in forward
    attn_output = self.attn(
                  ^^^^^^^^^^
  File "/usr/local/lib/python3.12/dist-packages/torch/nn/modules/module.py", line 1779, in _wrapped_call_impl
    return self._call_impl(*args, **kwargs)
           ^^^^^^^^^^^^^^^^^^^^^^^^^^^^^^^^
  File "/usr/local/lib/python3.12/dist-packages/torch/nn/modules/module.py", line 1790, in _call_impl
    return forward_call(*args, **kwargs)
           ^^^^^^^^^^^^^^^^^^^^^^^^^^^^^
  File "/sgl-workspace/sglang/python/sglang/srt/layers/radix_attention.py", line 272, in forward
    return get_attn_backend().forward(
           ^^^^^^^^^^^^^^^^^^^^^^^^^^^
  File "/sgl-workspace/sglang/python/sglang/srt/layers/attention/base_attn_backend.py", line 223, in forward
    return self.forward_extend(
           ^^^^^^^^^^^^^^^^^^^^
  File "/sgl-workspace/sglang/python/sglang/srt/layers/attention/triton_backend.py", line 1552, in forward_extend
    self.extend_attention_fwd_kv_quant(
  File "/usr/local/lib/python3.12/dist-packages/torch/_dynamo/eval_frame.py", line 1263, in _fn
    return fn(*args, **kwargs)
           ^^^^^^^^^^^^^^^^^^^
  File "/sgl-workspace/sglang/python/sglang/kernels/ops/attention/kv_quant_attention.py", line 1540, in extend_attention_fwd_kv_quant
    _fwd_kernel_kv_quant[grid](
  File "/usr/local/lib/python3.12/dist-packages/triton/runtime/jit.py", line 370, in <lambda>
    return lambda *args, **kwargs: self.run(grid=grid, warmup=False, *args, **kwargs)
                                   ^^^^^^^^^^^^^^^^^^^^^^^^^^^^^^^^^^^^^^^^^^^^^^^^^^
  File "/usr/local/lib/python3.12/dist-packages/triton/runtime/jit.py", line 720, in run
    kernel = self._do_compile(key, signature, device, constexprs, options, attrs, warmup)
             ^^^^^^^^^^^^^^^^^^^^^^^^^^^^^^^^^^^^^^^^^^^^^^^^^^^^^^^^^^^^^^^^^^^^^^^^^^^^
  File "/usr/local/lib/python3.12/dist-packages/triton/runtime/jit.py", line 849, in _do_compile
    kernel = self.compile(src, target=target, options=options.__dict__)
             ^^^^^^^^^^^^^^^^^^^^^^^^^^^^^^^^^^^^^^^^^^^^^^^^^^^^^^^^^^
  File "/usr/local/lib/python3.12/dist-packages/triton/compiler/compiler.py", line 304, in compile
    module = src.make_ir(target, options, codegen_fns, module_map, context)
             ^^^^^^^^^^^^^^^^^^^^^^^^^^^^^^^^^^^^^^^^^^^^^^^^^^^^^^^^^^^^^^
  File "/usr/local/lib/python3.12/dist-packages/triton/compiler/compiler.py", line 80, in make_ir
    return ast_to_ttir(self.fn, self, context=context, options=options, codegen_fns=codegen_fns,
           ^^^^^^^^^^^^^^^^^^^^^^^^^^^^^^^^^^^^^^^^^^^^^^^^^^^^^^^^^^^^^^^^^^^^^^^^^^^^^^^^^^^^^
RuntimeError: error encountered during parsing

During handling of the above exception, another exception occurred:

Traceback (most recent call last):
  File "/sgl-workspace/sglang/python/sglang/srt/managers/scheduler.py", line 4746, in run_scheduler_process
    scheduler = Scheduler(
                ^^^^^^^^^^
  File "/sgl-workspace/sglang/python/sglang/srt/managers/scheduler.py", line 466, in __init__
    self.init_model_worker()
  File "/sgl-workspace/sglang/python/sglang/srt/managers/scheduler.py", line 910, in init_model_worker
    self.init_all_cuda_graphs()
  File "/sgl-workspace/sglang/python/sglang/srt/managers/scheduler.py", line 897, in init_all_cuda_graphs
    self.tp_worker.init_cuda_graphs()
  File "/sgl-workspace/sglang/python/sglang/srt/managers/tp_worker.py", line 399, in init_cuda_graphs
    self.model_runner.init_cuda_graphs(
  File "/sgl-workspace/sglang/python/sglang/srt/model_executor/model_runner.py", line 913, in init_cuda_graphs
    capture = capture_cuda_graphs(
              ^^^^^^^^^^^^^^^^^^^^
  File "/sgl-workspace/sglang/python/sglang/srt/model_executor/model_runner_components/cuda_graph_setup.py", line 106, in capture_cuda_graphs
    decode = capture_decode_graph(model_runner=model_runner)
             ^^^^^^^^^^^^^^^^^^^^^^^^^^^^^^^^^^^^^^^^^^^^^^^
  File "/sgl-workspace/sglang/python/sglang/srt/model_executor/model_runner_components/cuda_graph_setup.py", line 344, in capture_decode_graph
    runner = graph_runners[model_runner.device](model_runner)
             ^^^^^^^^^^^^^^^^^^^^^^^^^^^^^^^^^^^^^^^^^^^^^^^^
  File "/sgl-workspace/sglang/python/sglang/srt/model_executor/runner/decode_cuda_graph_runner.py", line 410, in __init__
    raise Exception(
Exception: Capture cuda graph failed: error encountered during parsing
Possible solutions:
1. set --mem-fraction-static to a smaller value (e.g., 0.8 or 0.7)
2. set --cuda-graph-max-bs-decode to a smaller value (e.g., 16)
3. disable decode CUDA graph by --cuda-graph-backend-decode=disabled. (Not recommended. Huge performance loss)
Open an issue on GitHub https://github.com/sgl-project/sglang/issues/new/choose



[2026-08-02 23:31:37] Received sigquit from a child process. It usually means the child failed.
[2026-08-02 23:31:37] kill_process_tree called: parent_pid=1, include_parent=True, pid=1
[2026-08-02 23:31:37] kill_process_tree called: parent_pid=1, include_parent=False, pid=1
